Filesystem label=
OS type: Linux
Block size=1024 (log=0)
Fragment size=1024 (log=0)
32768 inodes, 131072 blocks
6553 blocks (5.00%) reserved for the super user
First data block=1
16 block groups
8192 blocks per group, 8192 fragments per group
2048 inodes per group
Superblock backups stored on blocks: 
	8193, 24577, 40961, 57345, 73729

Writing inode tables: done                            
Writing superblocks and filesystem accounting information: done

Filesystem features: ext_attr dir_index lazy_bg filetype sparse_super
 
Pass 1: Checking inodes, blocks, and sizes
Pass 2: Checking directory structure
Pass 3: Checking directory connectivity
Pass 4: Checking reference counts
Pass 5: Checking group summary information
test_filesys: 28683/32768 files (0.0% non-contiguous), 115220/131072 blocks
Exit status is 0

Filesystem volume name:   <none>
Last mounted on:          <not available>
Filesystem magic number:  0xEF53
Filesystem revision #:    1 (dynamic)
Filesystem features:      ext_attr dir_index lazy_bg filetype sparse_super
Default mount options:    (none)
Filesystem state:         clean
Errors behavior:          Continue
Filesystem OS type:       Linux
Inode count:              32768
Block count:              131072
Reserved block count:     6553
Free blocks:              15852
Free inodes:              4085
First block:              1
Block size:               1024
Fragment size:            1024
Blocks per group:         8192
Fragments per group:      8192
Inodes per group:         2048
Inode blocks per group:   256
Mount count:              0
Check interval:           15552000 (6 months)
Reserved blocks uid:      0
Reserved blocks gid:      0
First inode:              11
Inode size:		  128
Default directory hash:   tea


Group 0: (Blocks 1-8192) [ITABLE_ZEROED]
  Primary superblock at 1, Group descriptors at 2-2
  Block bitmap at 3 (+2), Inode bitmap at 4 (+3)
  Inode table at 5-260 (+4)
  7919 free blocks, 2037 free inodes, 2 directories
  Free blocks: 274-8192
  Free inodes: 12-2048
Group 1: (Blocks 8193-16384) [INODE_UNINIT, BLOCK_UNINIT]
  Backup superblock at 8193, Group descriptors at 8194-8194
  Block bitmap at 8195 (+2), Inode bitmap at 8196 (+3)
  Inode table at 8197-8452 (+4)
  0 free blocks, 0 free inodes, 0 directories
  Free blocks: 
  Free inodes: 
Group 2: (Blocks 16385-24576) [INODE_UNINIT, BLOCK_UNINIT]
  Block bitmap at 16385 (+0), Inode bitmap at 16386 (+1)
  Inode table at 16387-16642 (+2)
  0 free blocks, 0 free inodes, 0 directories
  Free blocks: 
  Free inodes: 
Group 3: (Blocks 24577-32768) [INODE_UNINIT, BLOCK_UNINIT]
  Backup superblock at 24577, Group descriptors at 24578-24578
  Block bitmap at 24579 (+2), Inode bitmap at 24580 (+3)
  Inode table at 24581-24836 (+4)
  0 free blocks, 0 free inodes, 0 directories
  Free blocks: 
  Free inodes: 
Group 4: (Blocks 32769-40960) [INODE_UNINIT, BLOCK_UNINIT]
  Block bitmap at 32769 (+0), Inode bitmap at 32770 (+1)
  Inode table at 32771-33026 (+2)
  0 free blocks, 0 free inodes, 0 directories
  Free blocks: 
  Free inodes: 
Group 5: (Blocks 40961-49152) [INODE_UNINIT, BLOCK_UNINIT]
  Backup superblock at 40961, Group descriptors at 40962-40962
  Block bitmap at 40963 (+2), Inode bitmap at 40964 (+3)
  Inode table at 40965-41220 (+4)
  0 free blocks, 0 free inodes, 0 directories
  Free blocks: 
  Free inodes: 
Group 6: (Blocks 49153-57344) [INODE_UNINIT, BLOCK_UNINIT]
  Block bitmap at 49153 (+0), Inode bitmap at 49154 (+1)
  Inode table at 49155-49410 (+2)
  0 free blocks, 0 free inodes, 0 directories
  Free blocks: 
  Free inodes: 
Group 7: (Blocks 57345-65536) [INODE_UNINIT, BLOCK_UNINIT]
  Backup superblock at 57345, Group descriptors at 57346-57346
  Block bitmap at 57347 (+2), Inode bitmap at 57348 (+3)
  Inode table at 57349-57604 (+4)
  0 free blocks, 0 free inodes, 0 directories
  Free blocks: 
  Free inodes: 
Group 8: (Blocks 65537-73728) [INODE_UNINIT, BLOCK_UNINIT]
  Block bitmap at 65537 (+0), Inode bitmap at 65538 (+1)
  Inode table at 65539-65794 (+2)
  0 free blocks, 0 free inodes, 0 directories
  Free blocks: 
  Free inodes: 
Group 9: (Blocks 73729-81920) [INODE_UNINIT, BLOCK_UNINIT]
  Backup superblock at 73729, Group descriptors at 73730-73730
  Block bitmap at 73731 (+2), Inode bitmap at 73732 (+3)
  Inode table at 73733-73988 (+4)
  0 free blocks, 0 free inodes, 0 directories
  Free blocks: 
  Free inodes: 
Group 10: (Blocks 81921-90112) [INODE_UNINIT, BLOCK_UNINIT]
  Block bitmap at 81921 (+0), Inode bitmap at 81922 (+1)
  Inode table at 81923-82178 (+2)
  0 free blocks, 0 free inodes, 0 directories
  Free blocks: 
  Free inodes: 
Group 11: (Blocks 90113-98304) [INODE_UNINIT, BLOCK_UNINIT]
  Block bitmap at 90113 (+0), Inode bitmap at 90114 (+1)
  Inode table at 90115-90370 (+2)
  0 free blocks, 0 free inodes, 0 directories
  Free blocks: 
  Free inodes: 
Group 12: (Blocks 98305-106496) [INODE_UNINIT, BLOCK_UNINIT]
  Block bitmap at 98305 (+0), Inode bitmap at 98306 (+1)
  Inode table at 98307-98562 (+2)
  0 free blocks, 0 free inodes, 0 directories
  Free blocks: 
  Free inodes: 
Group 13: (Blocks 106497-114688) [INODE_UNINIT, BLOCK_UNINIT]
  Block bitmap at 106497 (+0), Inode bitmap at 106498 (+1)
  Inode table at 106499-106754 (+2)
  0 free blocks, 0 free inodes, 0 directories
  Free blocks: 
  Free inodes: 
Group 14: (Blocks 114689-122880) [INODE_UNINIT, BLOCK_UNINIT]
  Block bitmap at 114689 (+0), Inode bitmap at 114690 (+1)
  Inode table at 114691-114946 (+2)
  0 free blocks, 0 free inodes, 0 directories
  Free blocks: 
  Free inodes: 
Group 15: (Blocks 122881-131071) [ITABLE_ZEROED]
  Block bitmap at 122881 (+0), Inode bitmap at 122882 (+1)
  Inode table at 122883-123138 (+2)
  7933 free blocks, 2048 free inodes, 0 directories
  Free blocks: 123139-131071
  Free inodes: 30721-32768
